---
source: row-poly/tests/integration_tests.rs
expression: output
input_file: row-poly/tests/07_polymorphism.fun
---
# Let-polymorphism over both type and row variables.

# A row-polymorphic function used at two different row instantiations.
let getx = \r -> r.x in {a = getx {x = 1}, b = getx {x = true}} : {a : Int, b : Bool}

# Identity is row-polymorphic when applied to records.
let id = \x -> x in id {x = 1, y = true} : {x : Int, y : Bool}
let id = \x -> x in {a = id {x = 1}, b = id {y = false, z = 0}} : {a : {x : Int}, b : {y : Bool, z : Int}}

# Polymorphism in both the field type and the row tail.
let getx = \r -> r.x in getx : {x : a | r} -> a
let drop_x = \r -> {r - x} in drop_x : {x : a | r} -> {r}

# Records of polymorphic functions: each field gets its own scheme on use.
let p = {id = \x -> x, fst = \x -> \y -> x} in p : {id : a -> a, fst : b -> c -> b}

# Records carrying functions used at multiple types.
let p = {id = \x -> x} in p : {id : a -> a}

# Generalization respects free variables in the environment.
\r -> let getx = \s -> s.x in getx r : {x : a | r} -> a

# Compose two row-polymorphic projections.
let getx = \r -> r.x in let gety = \r -> r.y in \r -> getx {dummy = gety r | r} : {y : a, x : b | r} -> b

# Function whose type is forall r a. {x : a | r} -> a.
\r -> r.x : {x : a | r} -> a

# Two independent row variables in a single signature.
\r -> \s -> {a = r.x, b = s.y} : {x : a | r} -> {y : b | s} -> {a : a, b : b}

# Higher-rank-flavored use: a record selector returned from let.
let mk = \k -> \r -> r in mk 0 {x = 1} : {x : Int}
