---
source: row-poly/tests/integration_tests.rs
expression: output
input_file: row-poly/tests/04_extension.fun
---
# Free extension: {l = e | r}. Always succeeds; never overwrites.
# Extension's principal type is
#   {l = _ | _} : forall r a. a -> {r} -> {l : a | r}

# Extension over the empty record.
{x = 1 | {}} : {x : Int}
{x = 1, y = 2 | {}} : {x : Int, y : Int}

# Extension over a literal.
{z = 0 | {x = 1, y = 2}} : {z : Int, x : Int, y : Int}

# Polymorphic extension.
\r -> {z = 0 | r} : {r} -> {z : Int | r}
\r -> {a = 1, b = 2, c = 3 | r} : {r} -> {a : Int, b : Int, c : Int | r}

# Iterated extension (literal sugar already does this).
{a = 1 | {b = 2 | {c = 3 | {}}}} : {a : Int, b : Int, c : Int}

# Extension preserves the row variable for further use.
\r -> let s = {x = 1 | r} in s.x : {r} -> Int

# Extension that introduces a duplicate label is fine.
\r -> {x = true | {x = 1 | r}} : {r} -> {x : Bool, x : Int | r}

# Extension applied via let, used at multiple types.
let push = \r -> {z = 0 | r} in push {x = 1} : {z : Int, x : Int}
let push = \r -> {z = 0 | r} in push {y = true, w = false} : {z : Int, y : Bool, w : Bool}

# A function that builds a closed record from two arguments.
\x -> \y -> {first = x, second = y} : a -> b -> {first : a, second : b}

# Extension and selection compose.
\r -> ({tag = 1 | r}).tag : {r} -> Int
\r -> ({tag = true | r}).tag : {r} -> Bool

# Mixing extension with subsequent selection of original fields.
let make = \r -> {extra = 0 | r} in (make {x = 1}).x : Int
